[
    {
        "id": "55943c45-a597-4c34-9a26-83f48fa659c6",
        "name": "Bruce"
    },
    {
        "id": "7fe8d7bb-5935-4e12-a5cf-45c281f7af00",
        "name": "Jane"
    },
    {
        "id": "a231f5fa-b781-4b79-9aea-85840ce71911",
        "name": "John"
    },
    {
        "id": "b874a8fe-2f00-40e7-b68a-ed368c3ef12b",
        "name": "Tina"
    }
]
